
> ivts_designsystem@0.1.0 build-storybook
> npx storybook build --output-dir=C:\Users\김윤희~1\AppData\Local\Temp\chromatic--15136-EMQTKtUS0PSP

[1m@storybook/core v8.6.14
[22m
info => Cleaning outputDir: [36m..\..\..\김윤희~1\AppData\Local\Temp\chromatic--15136-EMQTKtUS0PSP[39m
info => Loading presets
info => Building manager..
info => Manager built ([38;2;181;126;229m169 ms[39m)
info => Building preview..
info Using tsconfig paths for react-docgen
[36mvite v6.4.1 [32mbuilding for production...[36m[39m
transforming...
[32m✓[39m 1855 modules transformed.
rendering chunks...
computing gzip size...
[2m../../../김윤희~1/AppData/Local/Temp/chromatic--15136-EMQTKtUS0PSP/[22m[32miframe.html                                [39m[1m[2m 17.61 kB[22m[1m[22m[2m │ gzip:   4.99 kB[22m
[2m../../../김윤희~1/AppData/Local/Temp/chromatic--15136-EMQTKtUS0PSP/[22m[35massets/preview-CeYBtAvA.css                [39m[1m[2m 50.17 kB[22m[1m[22m[2m │ gzip:   8.42 kB[22m
[2m../../../김윤희~1/AppData/Local/Temp/chromatic--15136-EMQTKtUS0PSP/[22m[36massets/preview-DwI0w3cI.js                 [39m[1m[2m  0.16 kB[22m[1m[22m[2m │ gzip:   0.16 kB[22m
[2m../../../김윤희~1/AppData/Local/Temp/chromatic--15136-EMQTKtUS0PSP/[22m[36massets/preview-CvbIS5ZJ.js                 [39m[1m[2m  0.18 kB[22m[1m[22m[2m │ gzip:   0.16 kB[22m
[2m../../../김윤희~1/AppData/Local/Temp/chromatic--15136-EMQTKtUS0PSP/[22m[36massets/index-vABTGKhX.js                   [39m[1m[2m  0.42 kB[22m[1m[22m[2m │ gzip:   0.27 kB[22m
[2m../../../김윤희~1/AppData/Local/Temp/chromatic--15136-EMQTKtUS0PSP/[22m[36massets/PlusIcon-CK0K_Rlq.js                [39m[1m[2m  0.48 kB[22m[1m[22m[2m │ gzip:   0.35 kB[22m
[2m../../../김윤희~1/AppData/Local/Temp/chromatic--15136-EMQTKtUS0PSP/[22m[36massets/index-C_vHipXs.js                   [39m[1m[2m  0.51 kB[22m[1m[22m[2m │ gzip:   0.36 kB[22m
[2m../../../김윤희~1/AppData/Local/Temp/chromatic--15136-EMQTKtUS0PSP/[22m[36massets/preview-DHQbi4pV.js                 [39m[1m[2m  0.61 kB[22m[1m[22m[2m │ gzip:   0.42 kB[22m
[2m../../../김윤희~1/AppData/Local/Temp/chromatic--15136-EMQTKtUS0PSP/[22m[36massets/chunk-XP5HYGXS-BpfKkqn7.js          [39m[1m[2m  0.71 kB[22m[1m[22m[2m │ gzip:   0.40 kB[22m
[2m../../../김윤희~1/AppData/Local/Temp/chromatic--15136-EMQTKtUS0PSP/[22m[36massets/preview-DGUiP6tS.js                 [39m[1m[2m  0.71 kB[22m[1m[22m[2m │ gzip:   0.50 kB[22m
[2m../../../김윤희~1/AppData/Local/Temp/chromatic--15136-EMQTKtUS0PSP/[22m[36massets/preview-DggPoIgN.js                 [39m[1m[2m  0.75 kB[22m[1m[22m[2m │ gzip:   0.37 kB[22m
[2m../../../김윤희~1/AppData/Local/Temp/chromatic--15136-EMQTKtUS0PSP/[22m[36massets/index-DrFu-skq.js                   [39m[1m[2m  0.77 kB[22m[1m[22m[2m │ gzip:   0.47 kB[22m
[2m../../../김윤희~1/AppData/Local/Temp/chromatic--15136-EMQTKtUS0PSP/[22m[36massets/preview-DHaHAA3k.js                 [39m[1m[2m  0.89 kB[22m[1m[22m[2m │ gzip:   0.56 kB[22m
[2m../../../김윤희~1/AppData/Local/Temp/chromatic--15136-EMQTKtUS0PSP/[22m[36massets/test-utils-BheZb06c.js              [39m[1m[2m  1.12 kB[22m[1m[22m[2m │ gzip:   0.69 kB[22m
[2m../../../김윤희~1/AppData/Local/Temp/chromatic--15136-EMQTKtUS0PSP/[22m[36massets/preview-DD_OYowb.js                 [39m[1m[2m  3.51 kB[22m[1m[22m[2m │ gzip:   1.69 kB[22m
[2m../../../김윤희~1/AppData/Local/Temp/chromatic--15136-EMQTKtUS0PSP/[22m[36massets/index-BoxsY6nR.js                   [39m[1m[2m  3.89 kB[22m[1m[22m[2m │ gzip:   1.52 kB[22m
[2m../../../김윤희~1/AppData/Local/Temp/chromatic--15136-EMQTKtUS0PSP/[22m[36massets/preview-B8lJiyuQ.js                 [39m[1m[2m  5.06 kB[22m[1m[22m[2m │ gzip:   1.88 kB[22m
[2m../../../김윤희~1/AppData/Local/Temp/chromatic--15136-EMQTKtUS0PSP/[22m[36massets/preview-BWzBA1C2.js                 [39m[1m[2m  7.62 kB[22m[1m[22m[2m │ gzip:   1.56 kB[22m
[2m../../../김윤희~1/AppData/Local/Temp/chromatic--15136-EMQTKtUS0PSP/[22m[36massets/preview-BBWR9nbA.js                 [39m[1m[2m  8.12 kB[22m[1m[22m[2m │ gzip:   3.10 kB[22m
[2m../../../김윤희~1/AppData/Local/Temp/chromatic--15136-EMQTKtUS0PSP/[22m[36massets/index-DhY--VwN.js                   [39m[1m[2m  8.37 kB[22m[1m[22m[2m │ gzip:   3.28 kB[22m
[2m../../../김윤희~1/AppData/Local/Temp/chromatic--15136-EMQTKtUS0PSP/[22m[36massets/Button.stories-BsfO-ZZ0.js          [39m[1m[2m 23.04 kB[22m[1m[22m[2m │ gzip:   3.50 kB[22m
[2m../../../김윤희~1/AppData/Local/Temp/chromatic--15136-EMQTKtUS0PSP/[22m[36massets/Color-YHDXOIA2-8noO-ycw.js          [39m[1m[2m 29.34 kB[22m[1m[22m[2m │ gzip:  11.04 kB[22m
[2m../../../김윤희~1/AppData/Local/Temp/chromatic--15136-EMQTKtUS0PSP/[22m[36massets/entry-preview-vARoM4mY.js           [39m[1m[2m 29.76 kB[22m[1m[22m[2m │ gzip:   9.52 kB[22m
[2m../../../김윤희~1/AppData/Local/Temp/chromatic--15136-EMQTKtUS0PSP/[22m[36massets/button-qiJ_JqNg.js                  [39m[1m[2m 33.69 kB[22m[1m[22m[2m │ gzip:  11.25 kB[22m
[2m../../../김윤희~1/AppData/Local/Temp/chromatic--15136-EMQTKtUS0PSP/[22m[36massets/utils-r2PmdWzr.js                   [39m[1m[2m 44.88 kB[22m[1m[22m[2m │ gzip:  15.54 kB[22m
[2m../../../김윤희~1/AppData/Local/Temp/chromatic--15136-EMQTKtUS0PSP/[22m[36massets/Input.stories-Ds4y3cmr.js           [39m[1m[2m 54.51 kB[22m[1m[22m[2m │ gzip:  15.96 kB[22m
[2m../../../김윤희~1/AppData/Local/Temp/chromatic--15136-EMQTKtUS0PSP/[22m[36massets/index-DgH-xKnr.js                   [39m[1m[2m 57.15 kB[22m[1m[22m[2m │ gzip:  16.28 kB[22m
[2m../../../김윤희~1/AppData/Local/Temp/chromatic--15136-EMQTKtUS0PSP/[22m[36massets/SearchOutlined-DNVXqHUQ.js          [39m[1m[2m 64.76 kB[22m[1m[22m[2m │ gzip:  21.26 kB[22m
[2m../../../김윤희~1/AppData/Local/Temp/chromatic--15136-EMQTKtUS0PSP/[22m[36massets/index-Cv1A0CQQ.js                   [39m[1m[2m 81.08 kB[22m[1m[22m[2m │ gzip:  29.48 kB[22m
[2m../../../김윤희~1/AppData/Local/Temp/chromatic--15136-EMQTKtUS0PSP/[22m[36massets/Select.stories-aiqzSyac.js          [39m[1m[2m124.51 kB[22m[1m[22m[2m │ gzip:  42.77 kB[22m
[2m../../../김윤희~1/AppData/Local/Temp/chromatic--15136-EMQTKtUS0PSP/[22m[36massets/react-18-Cg7ALqPi.js                [39m[1m[2m181.71 kB[22m[1m[22m[2m │ gzip:  57.18 kB[22m
[2m../../../김윤희~1/AppData/Local/Temp/chromatic--15136-EMQTKtUS0PSP/[22m[36massets/iframe-CfavAqos.js                  [39m[1m[2m212.75 kB[22m[1m[22m[2m │ gzip:  71.91 kB[22m
[2m../../../김윤희~1/AppData/Local/Temp/chromatic--15136-EMQTKtUS0PSP/[22m[36massets/entry-preview-docs-CgPInNO4.js      [39m[1m[2m247.08 kB[22m[1m[22m[2m │ gzip:  73.42 kB[22m
[2m../../../김윤희~1/AppData/Local/Temp/chromatic--15136-EMQTKtUS0PSP/[22m[36massets/TokensShowcase.stories-CdDY9nIl.js  [39m[1m[2m267.71 kB[22m[1m[22m[2m │ gzip:  42.08 kB[22m
[2m../../../김윤희~1/AppData/Local/Temp/chromatic--15136-EMQTKtUS0PSP/[22m[36massets/index-DrdPSA1J.js                   [39m[1m[33m662.17 kB[39m[22m[2m │ gzip: 156.69 kB[22m
[2m../../../김윤희~1/AppData/Local/Temp/chromatic--15136-EMQTKtUS0PSP/[22m[36massets/DocsRenderer-CFRXHY34-DdUEQR2X.js   [39m[1m[33m894.25 kB[39m[22m[2m │ gzip: 276.14 kB[22m
[32m✓ built in 10.49s[39m
info => Preview built ([38;2;181;126;229m11 s[39m)
info => Output directory: C:\Users\김윤희~1\AppData\Local\Temp\chromatic--15136-EMQTKtUS0PSP
